2026-10-09 16:41:07.393 [main] INFO  c.w.w.WebManagementApplication - Starting WebManagementApplication using Java 17.0.18 with PID 10236 (E:\Study\JAVA xiangmu\untitled\web-project\web-management\target\classes started by rshh1 in E:\Study\JAVA xiangmu\untitled\web-project)
2026-10-09 16:41:07.400 [main] DEBUG c.w.w.WebManagementApplication - Running with Spring Boot v4.0.8, Spring v7.0.9
2026-10-09 16:41:07.402 [main] INFO  c.w.w.WebManagementApplication - No active profile set, falling back to 1 default profile: "default"
2026-10-09 16:41:07.921 [main] DEBUG o.apache.ibatis.logging.LogFactory - Logging initialized using 'class org.apache.ibatis.logging.slf4j.Slf4jImpl' adapter.
2026-10-09 16:41:08.115 [main] INFO  c.w.w.WebManagementApplication - Starting WebManagementApplication using Java 17.0.18 with PID 1848 (E:\Study\JAVA xiangmu\untitled\web-project\web-management\target\classes started by rshh1 in E:\Study\JAVA xiangmu\untitled\web-project)
2026-10-09 16:41:08.118 [main] DEBUG c.w.w.WebManagementApplication - Running with Spring Boot v4.0.8, Spring v7.0.9
2026-10-09 16:41:08.119 [main] INFO  c.w.w.WebManagementApplication - No active profile set, falling back to 1 default profile: "default"
2026-10-09 16:41:08.252 [main] INFO  o.s.boot.tomcat.TomcatWebServer - Tomcat initialized with port 8080 (http)
2026-10-09 16:41:08.264 [main] INFO  o.a.coyote.http11.Http11NioProtocol - Initializing ProtocolHandler ["http-nio-8080"]
2026-10-09 16:41:08.265 [main] INFO  o.a.catalina.core.StandardService - Starting service [Tomcat]
2026-10-09 16:41:08.265 [main] INFO  o.a.catalina.core.StandardEngine - Starting Servlet engine: [Apache Tomcat/11.0.24]
2026-10-09 16:41:08.316 [main] INFO  o.s.b.w.c.s.WebApplicationContextInitializer - Root WebApplicationContext: initialization completed in 869 ms
2026-10-09 16:41:08.559 [main] DEBUG o.apache.ibatis.logging.LogFactory - Logging initialized using 'class org.apache.ibatis.logging.slf4j.Slf4jImpl' adapter.
2026-10-09 16:41:08.575 [main] INFO  c.w.webmanagement.config.OssConfig - 初始化 OSSClient: region=cn-beijing, bucket=web-project-wanna, endpoint=, useCName=false
2026-10-09 16:41:08.818 [main] INFO  o.s.boot.tomcat.TomcatWebServer - Tomcat initialized with port 8080 (http)
2026-10-09 16:41:08.826 [main] INFO  o.a.coyote.http11.Http11NioProtocol - Initializing ProtocolHandler ["http-nio-8080"]
2026-10-09 16:41:08.826 [main] INFO  o.a.catalina.core.StandardService - Starting service [Tomcat]
2026-10-09 16:41:08.827 [main] INFO  o.a.catalina.core.StandardEngine - Starting Servlet engine: [Apache Tomcat/11.0.24]
2026-10-09 16:41:08.859 [main] INFO  o.s.b.w.c.s.WebApplicationContextInitializer - Root WebApplicationContext: initialization completed in 710 ms
2026-10-09 16:41:09.047 [main] INFO  o.a.coyote.http11.Http11NioProtocol - Starting ProtocolHandler ["http-nio-8080"]
2026-10-09 16:41:09.065 [main] INFO  o.s.boot.tomcat.TomcatWebServer - Tomcat started on port 8080 (http) with context path '/'
2026-10-09 16:41:09.070 [main] INFO  c.w.w.WebManagementApplication - Started WebManagementApplication in 2.079 seconds (process running for 3.255)
2026-10-09 16:41:09.080 [main] INFO  c.w.webmanagement.config.OssConfig - 初始化 OSSClient: region=cn-beijing, bucket=web-project-wanna, endpoint=, useCName=false
2026-10-09 16:41:09.496 [main] INFO  o.a.coyote.http11.Http11NioProtocol - Starting ProtocolHandler ["http-nio-8080"]
2026-10-09 16:41:09.501 [main] WARN  o.s.b.w.s.s.c.AnnotationConfigServletWebServerApplicationContext - Exception encountered during context initialization - cancelling refresh attempt: org.springframework.context.ApplicationContextException: Failed to start bean 'webServerStartStop'
2026-10-09 16:41:09.512 [main] INFO  o.s.b.a.l.ConditionEvaluationReportLogger - 

Error starting ApplicationContext. To display the condition evaluation report re-run your application with 'debug' enabled.
2026-10-09 16:41:09.523 [main] ERROR o.s.b.d.LoggingFailureAnalysisReporter - 

***************************
APPLICATION FAILED TO START
***************************

Description:

Web server failed to start. Port 8080 was already in use.

Action:

Identify and stop the process that's listening on port 8080 or configure this application to listen on another port.

2026-10-09 16:55:11.575 [SpringApplicationShutdownHook] INFO  o.s.boot.tomcat.GracefulShutdown - Commencing graceful shutdown. Waiting for active requests to complete
2026-10-09 16:55:11.649 [tomcat-shutdown] INFO  o.s.boot.tomcat.GracefulShutdown - Graceful shutdown complete
2026-10-09 16:55:14.524 [main] INFO  c.w.w.WebManagementApplication - Starting WebManagementApplication using Java 17.0.18 with PID 37036 (E:\Study\JAVA xiangmu\untitled\web-project\web-management\target\classes started by rshh1 in E:\Study\JAVA xiangmu\untitled\web-project)
2026-10-09 16:55:14.526 [main] DEBUG c.w.w.WebManagementApplication - Running with Spring Boot v4.0.8, Spring v7.0.9
2026-10-09 16:55:14.528 [main] INFO  c.w.w.WebManagementApplication - No active profile set, falling back to 1 default profile: "default"
2026-10-09 16:55:14.884 [main] DEBUG o.apache.ibatis.logging.LogFactory - Logging initialized using 'class org.apache.ibatis.logging.slf4j.Slf4jImpl' adapter.
2026-10-09 16:55:15.105 [main] INFO  o.s.boot.tomcat.TomcatWebServer - Tomcat initialized with port 8080 (http)
2026-10-09 16:55:15.113 [main] INFO  o.a.coyote.http11.Http11NioProtocol - Initializing ProtocolHandler ["http-nio-8080"]
2026-10-09 16:55:15.114 [main] INFO  o.a.catalina.core.StandardService - Starting service [Tomcat]
2026-10-09 16:55:15.115 [main] INFO  o.a.catalina.core.StandardEngine - Starting Servlet engine: [Apache Tomcat/11.0.24]
2026-10-09 16:55:15.145 [main] INFO  o.s.b.w.c.s.WebApplicationContextInitializer - Root WebApplicationContext: initialization completed in 591 ms
2026-10-09 16:55:15.315 [main] INFO  c.w.webmanagement.config.OssConfig - 初始化 OSSClient: region=cn-beijing, bucket=web-project-wanna, endpoint=, useCName=false
2026-10-09 16:55:15.635 [main] INFO  o.a.coyote.http11.Http11NioProtocol - Starting ProtocolHandler ["http-nio-8080"]
2026-10-09 16:55:15.648 [main] INFO  o.s.boot.tomcat.TomcatWebServer - Tomcat started on port 8080 (http) with context path '/'
2026-10-09 16:55:15.652 [main] INFO  c.w.w.WebManagementApplication - Started WebManagementApplication in 1.397 seconds (process running for 2.066)
2026-10-09 16:56:20.751 [http-nio-8080-exec-2] INFO  o.a.c.c.C.[Tomcat].[localhost].[/] - Initializing Spring DispatcherServlet 'dispatcherServlet'
2026-10-09 16:56:20.751 [http-nio-8080-exec-2] INFO  o.s.web.servlet.DispatcherServlet - Initializing Servlet 'dispatcherServlet'
2026-10-09 16:56:20.752 [http-nio-8080-exec-2] INFO  o.s.web.servlet.DispatcherServlet - Completed initialization in 1 ms
2026-10-09 16:56:20.766 [http-nio-8080-exec-2] ERROR c.w.w.e.GlobalExceptionHandler - 系统异常
org.springframework.web.HttpRequestMethodNotSupportedException: Request method 'GET' is not supported
	at org.springframework.web.servlet.mvc.method.RequestMappingInfoHandlerMapping.handleNoMatch(RequestMappingInfoHandlerMapping.java:260)
	at org.springframework.web.servlet.handler.AbstractHandlerMethodMapping.lookupHandlerMethod(AbstractHandlerMethodMapping.java:432)
	at org.springframework.web.servlet.handler.AbstractHandlerMethodMapping.getHandlerInternal(AbstractHandlerMethodMapping.java:376)
	at org.springframework.web.servlet.mvc.method.RequestMappingInfoHandlerMapping.getHandlerInternal(RequestMappingInfoHandlerMapping.java:116)
	at org.springframework.web.servlet.mvc.method.RequestMappingInfoHandlerMapping.getHandlerInternal(RequestMappingInfoHandlerMapping.java:68)
	at org.springframework.web.servlet.handler.AbstractHandlerMapping.getHandler(AbstractHandlerMapping.java:544)
	at org.springframework.web.servlet.DispatcherServlet.getHandler(DispatcherServlet.java:1157)
	at org.springframework.web.servlet.DispatcherServlet.doDispatch(DispatcherServlet.java:951)
	at org.springframework.web.servlet.DispatcherServlet.doService(DispatcherServlet.java:866)
	at org.springframework.web.servlet.FrameworkServlet.processRequest(FrameworkServlet.java:1000)
	at org.springframework.web.servlet.FrameworkServlet.doGet(FrameworkServlet.java:892)
	at jakarta.servlet.http.HttpServlet.service(HttpServlet.java:622)
	at org.springframework.web.servlet.FrameworkServlet.service(FrameworkServlet.java:874)
	at jakarta.servlet.http.HttpServlet.service(HttpServlet.java:710)
	at org.apache.catalina.core.ApplicationFilterChain.doFilter(ApplicationFilterChain.java:132)
	at org.apache.tomcat.websocket.server.WsFilter.doFilter(WsFilter.java:59)
	at org.apache.catalina.core.ApplicationFilterChain.doFilter(ApplicationFilterChain.java:111)
	at org.springframework.web.filter.RequestContextFilter.doFilterInternal(RequestContextFilter.java:100)
	at org.springframework.web.filter.OncePerRequestFilter.doFilter(OncePerRequestFilter.java:116)
	at org.apache.catalina.core.ApplicationFilterChain.doFilter(ApplicationFilterChain.java:111)
	at org.springframework.web.filter.FormContentFilter.doFilterInternal(FormContentFilter.java:93)
	at org.springframework.web.filter.OncePerRequestFilter.doFilter(OncePerRequestFilter.java:116)
	at org.apache.catalina.core.ApplicationFilterChain.doFilter(ApplicationFilterChain.java:111)
	at org.springframework.web.filter.CharacterEncodingFilter.doFilterInternal(CharacterEncodingFilter.java:199)
	at org.springframework.web.filter.OncePerRequestFilter.doFilter(OncePerRequestFilter.java:116)
	at org.apache.catalina.core.ApplicationFilterChain.doFilter(ApplicationFilterChain.java:111)
	at org.apache.catalina.core.StandardWrapperValve.invoke(StandardWrapperValve.java:165)
	at org.apache.catalina.core.StandardContextValve.invoke(StandardContextValve.java:77)
	at org.apache.catalina.authenticator.AuthenticatorBase.invoke(AuthenticatorBase.java:535)
	at org.apache.catalina.core.StandardHostValve.invoke(StandardHostValve.java:115)
	at org.apache.catalina.valves.ErrorReportValve.invoke(ErrorReportValve.java:86)
	at org.apache.catalina.core.StandardEngineValve.invoke(StandardEngineValve.java:71)
	at org.apache.catalina.connector.CoyoteAdapter.service(CoyoteAdapter.java:347)
	at org.apache.coyote.http11.Http11Processor.service(Http11Processor.java:406)
	at org.apache.coyote.AbstractProcessorLight.process(AbstractProcessorLight.java:71)
	at org.apache.coyote.AbstractProtocol$ConnectionHandler.process(AbstractProtocol.java:1307)
	at org.apache.tomcat.util.net.NioEndpoint$SocketProcessor.doRun(NioEndpoint.java:2036)
	at org.apache.tomcat.util.net.SocketProcessorBase.run(SocketProcessorBase.java:74)
	at org.apache.tomcat.util.threads.ThreadPoolExecutor.runWorker(ThreadPoolExecutor.java:949)
	at org.apache.tomcat.util.threads.ThreadPoolExecutor$Worker.run(ThreadPoolExecutor.java:483)
	at org.apache.tomcat.util.threads.TaskThread$WrappingRunnable.run(TaskThread.java:74)
	at java.base/java.lang.Thread.run(Thread.java:842)
2026-10-09 16:58:45.745 [http-nio-8080-exec-7] INFO  c.w.w.controller.UploadController - 收到上传请求: IMG_20220716_125854..jpg
2026-10-09 16:58:46.797 [http-nio-8080-exec-7] INFO  c.wanna.webmanagement.util.OssUtil - OSS 上传成功: key=2026/10/09/dd4d3b7a-5dfd-498e-b65e-e6e5804e64b7.jpg, eTag="AF825A83256A1C3E53E2C06874D91FA8"
2026-10-09 16:59:56.385 [SpringApplicationShutdownHook] INFO  o.s.boot.tomcat.GracefulShutdown - Commencing graceful shutdown. Waiting for active requests to complete
2026-10-09 16:59:56.462 [tomcat-shutdown] INFO  o.s.boot.tomcat.GracefulShutdown - Graceful shutdown complete
