2026-10-01 22:13:55.065 [main] INFO  c.w.w.WebManagementApplication - Starting WebManagementApplication using Java 17.0.18 with PID 31232 (E:\Study\JAVA xiangmu\untitled\web-project\web-management\target\classes started by rshh1 in E:\Study\JAVA xiangmu\untitled\web-project)
2026-10-01 22:13:55.067 [main] DEBUG c.w.w.WebManagementApplication - Running with Spring Boot v4.0.8, Spring v7.0.9
2026-10-01 22:13:55.068 [main] INFO  c.w.w.WebManagementApplication - No active profile set, falling back to 1 default profile: "default"
2026-10-01 22:13:55.532 [main] DEBUG o.apache.ibatis.logging.LogFactory - Logging initialized using 'class org.apache.ibatis.logging.slf4j.Slf4jImpl' adapter.
2026-10-01 22:13:55.785 [main] INFO  o.s.boot.tomcat.TomcatWebServer - Tomcat initialized with port 8080 (http)
2026-10-01 22:13:55.794 [main] INFO  o.a.coyote.http11.Http11NioProtocol - Initializing ProtocolHandler ["http-nio-8080"]
2026-10-01 22:13:55.795 [main] INFO  o.a.catalina.core.StandardService - Starting service [Tomcat]
2026-10-01 22:13:55.795 [main] INFO  o.a.catalina.core.StandardEngine - Starting Servlet engine: [Apache Tomcat/11.0.24]
2026-10-01 22:13:55.838 [main] INFO  o.s.b.w.c.s.WebApplicationContextInitializer - Root WebApplicationContext: initialization completed in 733 ms
2026-10-01 22:13:56.230 [main] INFO  o.a.coyote.http11.Http11NioProtocol - Starting ProtocolHandler ["http-nio-8080"]
2026-10-01 22:13:56.246 [main] INFO  o.s.boot.tomcat.TomcatWebServer - Tomcat started on port 8080 (http) with context path '/'
2026-10-01 22:13:56.250 [main] INFO  c.w.w.WebManagementApplication - Started WebManagementApplication in 1.547 seconds (process running for 2.925)
2026-10-01 22:15:26.343 [http-nio-8080-exec-2] INFO  o.a.coyote.http11.Http11Processor - Error parsing HTTP request header
 Note: further occurrences of HTTP request parsing errors will be logged at DEBUG level.
java.lang.IllegalArgumentException: Invalid character found in method name [0x160x030x010x000xf70x010x000x000xf30x030x030xe00xf9L0xa1L,j0x120xdfLfv0xa30xed0x9c0xbe0xed0xad0xa10xf80x980xa1\o0xf70xd870x150xe90xe00x1d0xa7 ]. HTTP method names must be tokens
	at org.apache.coyote.http11.Http11InputBuffer.parseRequestLine(Http11InputBuffer.java:398)
	at org.apache.coyote.http11.Http11Processor.service(Http11Processor.java:279)
	at org.apache.coyote.AbstractProcessorLight.process(AbstractProcessorLight.java:71)
	at org.apache.coyote.AbstractProtocol$ConnectionHandler.process(AbstractProtocol.java:1307)
	at org.apache.tomcat.util.net.NioEndpoint$SocketProcessor.doRun(NioEndpoint.java:2036)
	at org.apache.tomcat.util.net.SocketProcessorBase.run(SocketProcessorBase.java:74)
	at org.apache.tomcat.util.threads.ThreadPoolExecutor.runWorker(ThreadPoolExecutor.java:949)
	at org.apache.tomcat.util.threads.ThreadPoolExecutor$Worker.run(ThreadPoolExecutor.java:483)
	at org.apache.tomcat.util.threads.TaskThread$WrappingRunnable.run(TaskThread.java:74)
	at java.base/java.lang.Thread.run(Thread.java:842)
2026-10-01 22:15:59.811 [http-nio-8080-exec-4] INFO  o.a.coyote.http11.Http11Processor - Error parsing HTTP request header
 Note: further occurrences of HTTP request parsing errors will be logged at DEBUG level.
java.lang.IllegalArgumentException: Invalid character found in method name [0x160x030x010x000xf70x010x000x000xf30x030x030x880x7fU0xe90x1e0x950x130x800xa90x9c0xcc0xadlQc20xa3w0xdb0xb7+0xae0xfc:0x1f^0x1bE0x030x1f0x110x80 ]. HTTP method names must be tokens
	at org.apache.coyote.http11.Http11InputBuffer.parseRequestLine(Http11InputBuffer.java:398)
	at org.apache.coyote.http11.Http11Processor.service(Http11Processor.java:279)
	at org.apache.coyote.AbstractProcessorLight.process(AbstractProcessorLight.java:71)
	at org.apache.coyote.AbstractProtocol$ConnectionHandler.process(AbstractProtocol.java:1307)
	at org.apache.tomcat.util.net.NioEndpoint$SocketProcessor.doRun(NioEndpoint.java:2036)
	at org.apache.tomcat.util.net.SocketProcessorBase.run(SocketProcessorBase.java:74)
	at org.apache.tomcat.util.threads.ThreadPoolExecutor.runWorker(ThreadPoolExecutor.java:949)
	at org.apache.tomcat.util.threads.ThreadPoolExecutor$Worker.run(ThreadPoolExecutor.java:483)
	at org.apache.tomcat.util.threads.TaskThread$WrappingRunnable.run(TaskThread.java:74)
	at java.base/java.lang.Thread.run(Thread.java:842)
2026-10-01 22:17:31.755 [http-nio-8080-exec-10] INFO  o.a.c.c.C.[Tomcat].[localhost].[/] - Initializing Spring DispatcherServlet 'dispatcherServlet'
2026-10-01 22:17:31.756 [http-nio-8080-exec-10] INFO  o.s.web.servlet.DispatcherServlet - Initializing Servlet 'dispatcherServlet'
2026-10-01 22:17:31.756 [http-nio-8080-exec-10] INFO  o.s.web.servlet.DispatcherServlet - Completed initialization in 0 ms
2026-10-01 22:17:31.794 [http-nio-8080-exec-10] INFO  c.w.w.controller.EmpController - 分页查询 1 5
2026-10-01 22:17:31.805 [http-nio-8080-exec-10] INFO  com.zaxxer.hikari.HikariDataSource - HikariPool-1 - Starting...
2026-10-01 22:17:32.123 [http-nio-8080-exec-10] INFO  com.zaxxer.hikari.pool.HikariPool - HikariPool-1 - Added connection com.mysql.cj.jdbc.ConnectionImpl@5a8cc931
2026-10-01 22:17:32.126 [http-nio-8080-exec-10] INFO  com.zaxxer.hikari.HikariDataSource - HikariPool-1 - Start completed.
2026-10-01 22:17:32.132 [http-nio-8080-exec-10] DEBUG c.w.w.mapper.EmpMapper.count - ==>  Preparing: select count(*) from emp e left join dept d on e.dept_id=d.id
2026-10-01 22:17:32.150 [http-nio-8080-exec-10] DEBUG c.w.w.mapper.EmpMapper.count - ==> Parameters: 
2026-10-01 22:17:32.170 [http-nio-8080-exec-10] DEBUG c.w.w.mapper.EmpMapper.count - <==      Total: 1
2026-10-01 22:17:32.175 [http-nio-8080-exec-10] DEBUG c.w.w.mapper.EmpMapper.list - ==>  Preparing: select e.*,d.name deptName from emp e left join dept d on e.dept_id=d.id order by e.update_time desc limit ?,?
2026-10-01 22:17:32.176 [http-nio-8080-exec-10] DEBUG c.w.w.mapper.EmpMapper.list - ==> Parameters: 0(Integer), 5(Integer)
2026-10-01 22:17:32.181 [http-nio-8080-exec-10] DEBUG c.w.w.mapper.EmpMapper.list - <==      Total: 5
2026-10-01 22:22:55.542 [SpringApplicationShutdownHook] INFO  o.s.boot.tomcat.GracefulShutdown - Commencing graceful shutdown. Waiting for active requests to complete
2026-10-01 22:22:55.621 [tomcat-shutdown] INFO  o.s.boot.tomcat.GracefulShutdown - Graceful shutdown complete
2026-10-01 22:22:55.624 [SpringApplicationShutdownHook] INFO  com.zaxxer.hikari.HikariDataSource - HikariPool-1 - Shutdown initiated...
2026-10-01 22:22:55.629 [SpringApplicationShutdownHook] INFO  com.zaxxer.hikari.HikariDataSource - HikariPool-1 - Shutdown completed.
